// Jest Snapshot v1, https://goo.gl/fbAQLP

exports[`TableMenu  renders 1`] = `
<ContextualMenu
  className="p-table-menu"
  hasToggleIcon={true}
  links={
    Array [
      "Actions:",
      Object {
        "children": "Item1",
      },
    ]
  }
  position="left"
  toggleAppearance="base"
  toggleClassName="u-no-margin--bottom p-table-menu__toggle"
  toggleDisabled={false}
/>
`;
